help.are
h-immref.hlp
vamphq.are
garouhq.are
warlockhq.are
ninjahq.are
highhq.are
monkhq.are
drowhq.are
limbo.are
builders.are
arena.are
smurf.are
plains.are
settie.are
ofcol2.are
olympus.are
air.are
shire.are
hitower.are
gnome.are
wyvern.are
catacomb.are
hood.are
draconia.are
mahntor.are
ultima.are
pyramid.are
trollden.are
firenewt.are
midgaard.are
chapel.are
midennir.are
grave.are
school.are
moria.are
juargan.are
eastern.are
drow.are
thalos.are
mirror.are
ofcol.are
haon.are
arachnos.are
dwarven.are
daycare.are
sewer.are
astral.are
valley.are
redferne.are
mega1.are
atlantis.are
marsh.are
dream.are
grove.are
dylan.are
canyon.are
galaxy.are
mobfact.are
dragonf.are
demontemple.are
centuarvillage.are
doom.are
eoeasy.are
anatole.are
dragonheart.are
newbiearena.are
hallotit.are
start.are
hohen.are
zibanitum.are
quest.are
relic.are
kavir.are
weed.are
vallandar.are
newbieeq.are
sunyata.are
eohard.are
stlouis.are
madness.are
emotion.are
ravenloft.are
nexrum.are
viruk.are
hdojo.are
kaeton.are
$
